Archive member included to satisfy reference by file (symbol)

c:/st/stm32cubeide_1.3.0/stm32cubeide/plugins/com.st.stm32cube.ide.mcu.externaltools.gnu-tools-for-stm32.7-2018-q2-update.win32_1.4.0.202007081208/tools/bin/../lib/gcc/arm-none-eabi/7.3.1/../../../../arm-none-eabi/lib/thumb/v7e-m/fpv4-sp/hard\libc_nano.a(lib_a-errno.o)
                              Core/Src/syscalls.o (__errno)
c:/st/stm32cubeide_1.3.0/stm32cubeide/plugins/com.st.stm32cube.ide.mcu.externaltools.gnu-tools-for-stm32.7-2018-q2-update.win32_1.4.0.202007081208/tools/bin/../lib/gcc/arm-none-eabi/7.3.1/../../../../arm-none-eabi/lib/thumb/v7e-m/fpv4-sp/hard\libc_nano.a(lib_a-exit.o)
                              c:/st/stm32cubeide_1.3.0/stm32cubeide/plugins/com.st.stm32cube.ide.mcu.externaltools.gnu-tools-for-stm32.7-2018-q2-update.win32_1.4.0.202007081208/tools/bin/../lib/gcc/arm-none-eabi/7.3.1/../../../../arm-none-eabi/lib/thumb/v7e-m/fpv4-sp/hard/crt0.o (exit)
c:/st/stm32cubeide_1.3.0/stm32cubeide/plugins/com.st.stm32cube.ide.mcu.externaltools.gnu-tools-for-stm32.7-2018-q2-update.win32_1.4.0.202007081208/tools/bin/../lib/gcc/arm-none-eabi/7.3.1/../../../../arm-none-eabi/lib/thumb/v7e-m/fpv4-sp/hard\libc_nano.a(lib_a-impure.o)
                              c:/st/stm32cubeide_1.3.0/stm32cubeide/plugins/com.st.stm32cube.ide.mcu.externaltools.gnu-tools-for-stm32.7-2018-q2-update.win32_1.4.0.202007081208/tools/bin/../lib/gcc/arm-none-eabi/7.3.1/../../../../arm-none-eabi/lib/thumb/v7e-m/fpv4-sp/hard\libc_nano.a(lib_a-exit.o) (_global_impure_ptr)
c:/st/stm32cubeide_1.3.0/stm32cubeide/plugins/com.st.stm32cube.ide.mcu.externaltools.gnu-tools-for-stm32.7-2018-q2-update.win32_1.4.0.202007081208/tools/bin/../lib/gcc/arm-none-eabi/7.3.1/../../../../arm-none-eabi/lib/thumb/v7e-m/fpv4-sp/hard\libc_nano.a(lib_a-init.o)
                              c:/st/stm32cubeide_1.3.0/stm32cubeide/plugins/com.st.stm32cube.ide.mcu.externaltools.gnu-tools-for-stm32.7-2018-q2-update.win32_1.4.0.202007081208/tools/bin/../lib/gcc/arm-none-eabi/7.3.1/../../../../arm-none-eabi/lib/thumb/v7e-m/fpv4-sp/hard/crt0.o (__libc_init_array)
c:/st/stm32cubeide_1.3.0/stm32cubeide/plugins/com.st.stm32cube.ide.mcu.externaltools.gnu-tools-for-stm32.7-2018-q2-update.win32_1.4.0.202007081208/tools/bin/../lib/gcc/arm-none-eabi/7.3.1/../../../../arm-none-eabi/lib/thumb/v7e-m/fpv4-sp/hard\libc_nano.a(lib_a-memcpy-stub.o)
                              Middlewares/ST/BlueNRG-MS/hci/controller/bluenrg_gap_aci.o (memcpy)
c:/st/stm32cubeide_1.3.0/stm32cubeide/plugins/com.st.stm32cube.ide.mcu.externaltools.gnu-tools-for-stm32.7-2018-q2-update.win32_1.4.0.202007081208/tools/bin/../lib/gcc/arm-none-eabi/7.3.1/../../../../arm-none-eabi/lib/thumb/v7e-m/fpv4-sp/hard\libc_nano.a(lib_a-memset.o)
                              c:/st/stm32cubeide_1.3.0/stm32cubeide/plugins/com.st.stm32cube.ide.mcu.externaltools.gnu-tools-for-stm32.7-2018-q2-update.win32_1.4.0.202007081208/tools/bin/../lib/gcc/arm-none-eabi/7.3.1/../../../../arm-none-eabi/lib/thumb/v7e-m/fpv4-sp/hard/crt0.o (memset)
c:/st/stm32cubeide_1.3.0/stm32cubeide/plugins/com.st.stm32cube.ide.mcu.externaltools.gnu-tools-for-stm32.7-2018-q2-update.win32_1.4.0.202007081208/tools/bin/../lib/gcc/arm-none-eabi/7.3.1/../../../../arm-none-eabi/lib/thumb/v7e-m/fpv4-sp/hard\libc_nano.a(lib_a-strlen.o)
                              BlueNRG_User/src/ble_app.o (strlen)
c:/st/stm32cubeide_1.3.0/stm32cubeide/plugins/com.st.stm32cube.ide.mcu.externaltools.gnu-tools-for-stm32.7-2018-q2-update.win32_1.4.0.202007081208/tools/bin/../lib/gcc/arm-none-eabi/7.3.1/thumb/v7e-m/fpv4-sp/hard\libgcc.a(_aeabi_uldivmod.o)
                              Drivers/STM32F4xx_HAL_Driver/Src/stm32f4xx_hal_rcc.o (__aeabi_uldivmod)
c:/st/stm32cubeide_1.3.0/stm32cubeide/plugins/com.st.stm32cube.ide.mcu.externaltools.gnu-tools-for-stm32.7-2018-q2-update.win32_1.4.0.202007081208/tools/bin/../lib/gcc/arm-none-eabi/7.3.1/thumb/v7e-m/fpv4-sp/hard\libgcc.a(_udivmoddi4.o)
                              c:/st/stm32cubeide_1.3.0/stm32cubeide/plugins/com.st.stm32cube.ide.mcu.externaltools.gnu-tools-for-stm32.7-2018-q2-update.win32_1.4.0.202007081208/tools/bin/../lib/gcc/arm-none-eabi/7.3.1/thumb/v7e-m/fpv4-sp/hard\libgcc.a(_aeabi_uldivmod.o) (__udivmoddi4)
c:/st/stm32cubeide_1.3.0/stm32cubeide/plugins/com.st.stm32cube.ide.mcu.externaltools.gnu-tools-for-stm32.7-2018-q2-update.win32_1.4.0.202007081208/tools/bin/../lib/gcc/arm-none-eabi/7.3.1/thumb/v7e-m/fpv4-sp/hard\libgcc.a(_dvmd_tls.o)
                              c:/st/stm32cubeide_1.3.0/stm32cubeide/plugins/com.st.stm32cube.ide.mcu.externaltools.gnu-tools-for-stm32.7-2018-q2-update.win32_1.4.0.202007081208/tools/bin/../lib/gcc/arm-none-eabi/7.3.1/thumb/v7e-m/fpv4-sp/hard\libgcc.a(_aeabi_uldivmod.o) (__aeabi_ldiv0)

Allocating common symbols
Common symbol       size              file

hexti0              0x8               BlueNRG-MS/Target/hci_tl_interface.o
[...]
Memory Configuration

Name             Origin             Length             Attributes
RAM              0x0000000020000000 0x0000000000018000 xrw
FLASH            0x0000000008000000 0x0000000000080000 xr
*default*        0x0000000000000000 0xffffffffffffffff

Linker script and memory map

LOAD c:/st/stm32cubeide_1.3.0/stm32cubeide/plugins/com.st.stm32cube.ide.mcu.externaltools.gnu-tools-for-stm32.7-2018-q2-update.win32_1.4.0.202007081208/tools/bin/../lib/gcc/arm-none-eabi/7.3.1/thumb/v7e-m/fpv4-sp/hard/crti.o
LOAD c:/st/stm32cubeide_1.3.0/stm32cubeide/plugins/com.st.stm32cube.ide.mcu.externaltools.gnu-tools-for-stm32.7-2018-q2-update.win32_1.4.0.202007081208/tools/bin/../lib/gcc/arm-none-eabi/7.3.1/thumb/v7e-m/fpv4-sp/hard/crtbegin.o
LOAD c:/st/stm32cubeide_1.3.0/stm32cubeide/plugins/com.st.stm32cube.ide.mcu.externaltools.gnu-tools-for-stm32.7-2018-q2-update.win32_1.4.0.202007081208/tools/bin/../lib/gcc/arm-none-eabi/7.3.1/../../../../arm-none-eabi/lib/thumb/v7e-m/fpv4-sp/hard/crt0.o
LOAD BlueNRG-MS/Target/hci_tl_interface.o
LOAD BlueNRG_User/src/ble_app.o
LOAD Core/Src/gpio.o
LOAD Core/Src/main.o
LOAD Core/Src/stm32f4xx_hal_msp.o
LOAD Core/Src/stm32f4xx_it.o
LOAD Core/Src/stm32f4xx_nucleo_bus.o
LOAD Core/Src/syscalls.o
LOAD Core/Src/sysmem.o
LOAD Core/Src/system_stm32f4xx.o
LOAD Core/Src/usart.o
LOAD Core/Startup/startup_stm32f401retx.o
LOAD Drivers/STM32F4xx_HAL_Driver/Src/stm32f4xx_hal.o
LOAD Drivers/STM32F4xx_HAL_Driver/Src/stm32f4xx_hal_cortex.o
LOAD Drivers/STM32F4xx_HAL_Driver/Src/stm32f4xx_hal_dma.o
LOAD Drivers/STM32F4xx_HAL_Driver/Src/stm32f4xx_hal_dma_ex.o
LOAD Drivers/STM32F4xx_HAL_Driver/Src/stm32f4xx_hal_exti.o
LOAD Drivers/STM32F4xx_HAL_Driver/Src/stm32f4xx_hal_flash.o
LOAD Drivers/STM32F4xx_HAL_Driver/Src/stm32f4xx_hal_flash_ex.o
LOAD Drivers/STM32F4xx_HAL_Driver/Src/stm32f4xx_hal_flash_ramfunc.o
LOAD Drivers/STM32F4xx_HAL_Driver/Src/stm32f4xx_hal_gpio.o
LOAD Drivers/STM32F4xx_HAL_Driver/Src/stm32f4xx_hal_pwr.o
LOAD Drivers/STM32F4xx_HAL_Driver/Src/stm32f4xx_hal_pwr_ex.o
LOAD Drivers/STM32F4xx_HAL_Driver/Src/stm32f4xx_hal_rcc.o
LOAD Drivers/STM32F4xx_HAL_Driver/Src/stm32f4xx_hal_rcc_ex.o
LOAD Drivers/STM32F4xx_HAL_Driver/Src/stm32f4xx_hal_spi.o
LOAD Drivers/STM32F4xx_HAL_Driver/Src/stm32f4xx_hal_tim.o
LOAD Drivers/STM32F4xx_HAL_Driver/Src/stm32f4xx_hal_tim_ex.o
LOAD Drivers/STM32F4xx_HAL_Driver/Src/stm32f4xx_hal_uart.o
LOAD Middlewares/ST/BlueNRG-MS/hci/controller/bluenrg_IFR.o
LOAD Middlewares/ST/BlueNRG-MS/hci/controller/bluenrg_gap_aci.o
LOAD Middlewares/ST/BlueNRG-MS/hci/controller/bluenrg_gatt_aci.o
LOAD Middlewares/ST/BlueNRG-MS/hci/controller/bluenrg_hal_aci.o
LOAD Middlewares/ST/BlueNRG-MS/hci/controller/bluenrg_l2cap_aci.o
LOAD Middlewares/ST/BlueNRG-MS/hci/controller/bluenrg_updater_aci.o
LOAD Middlewares/ST/BlueNRG-MS/hci/controller/bluenrg_utils_small.o
LOAD Middlewares/ST/BlueNRG-MS/hci/hci_le.o
LOAD Middlewares/ST/BlueNRG-MS/hci/hci_tl_patterns/Basic/hci_tl.o
LOAD Middlewares/ST/BlueNRG-MS/utils/ble_list.o
START GROUP
LOAD c:/st/stm32cubeide_1.3.0/stm32cubeide/plugins/com.st.stm32cube.ide.mcu.externaltools.gnu-tools-for-stm32.7-2018-q2-update.win32_1.4.0.202007081208/tools/bin/../lib/gcc/arm-none-eabi/7.3.1/../../../../arm-none-eabi/lib/thumb/v7e-m/fpv4-sp/hard\libc_nano.a
LOAD c:/st/stm32cubeide_1.3.0/stm32cubeide/plugins/com.st.stm32cube.ide.mcu.externaltools.gnu-tools-for-stm32.7-2018-q2-update.win32_1.4.0.202007081208/tools/bin/../lib/gcc/arm-none-eabi/7.3.1/../../../../arm-none-eabi/lib/thumb/v7e-m/fpv4-sp/hard\libm.a
END GROUP
START GROUP
LOAD c:/st/stm32cubeide_1.3.0/stm32cubeide/plugins/com.st.stm32cube.ide.mcu.externaltools.gnu-tools-for-stm32.7-2018-q2-update.win32_1.4.0.202007081208/tools/bin/../lib/gcc/arm-none-eabi/7.3.1/thumb/v7e-m/fpv4-sp/hard\libgcc.a
LOAD c:/st/stm32cubeide_1.3.0/stm32cubeide/plugins/com.st.stm32cube.ide.mcu.externaltools.gnu-tools-for-stm32.7-2018-q2-update.win32_1.4.0.202007081208/tools/bin/../lib/gcc/arm-none-eabi/7.3.1/../../../../arm-none-eabi/lib/thumb/v7e-m/fpv4-sp/hard\libc_nano.a
END GROUP
START GROUP
LOAD c:/st/stm32cubeide_1.3.0/stm32cubeide/plugins/com.st.stm32cube.ide.mcu.externaltools.gnu-tools-for-stm32.7-2018-q2-update.win32_1.4.0.202007081208/tools/bin/../lib/gcc/arm-none-eabi/7.3.1/thumb/v7e-m/fpv4-sp/hard\libgcc.a
LOAD c:/st/stm32cubeide_1.3.0/stm32cubeide/plugins/com.st.stm32cube.ide.mcu.externaltools.gnu-tools-for-stm32.7-2018-q2-update.win32_1.4.0.202007081208/tools/bin/../lib/gcc/arm-none-eabi/7.3.1/../../../../arm-none-eabi/lib/thumb/v7e-m/fpv4-sp/hard\libc_nano.a
LOAD c:/st/stm32cubeide_1.3.0/stm32cubeide/plugins/com.st.stm32cube.ide.mcu.externaltools.gnu-tools-for-stm32.7-2018-q2-update.win32_1.4.0.202007081208/tools/bin/../lib/gcc/arm-none-eabi/7.3.1/../../../../arm-none-eabi/lib/thumb/v7e-m/fpv4-sp/hard\libnosys.a
END GROUP
START GROUP
LOAD c:/st/stm32cubeide_1.3.0/stm32cubeide/plugins/com.st.stm32cube.ide.mcu.externaltools.gnu-tools-for-stm32.7-2018-q2-update.win32_1.4.0.202007081208/tools/bin/../lib/gcc/arm-none-eabi/7.3.1/thumb/v7e-m/fpv4-sp/hard\libgcc.a
LOAD c:/st/stm32cubeide_1.3.0/stm32cubeide/plugins/com.st.stm32cube.ide.mcu.externaltools.gnu-tools-for-stm32.7-2018-q2-update.win32_1.4.0.202007081208/tools/bin/../lib/gcc/arm-none-eabi/7.3.1/../../../../arm-none-eabi/lib/thumb/v7e-m/fpv4-sp/hard\libc_nano.a
LOAD c:/st/stm32cubeide_1.3.0/stm32cubeide/plugins/com.st.stm32cube.ide.mcu.externaltools.gnu-tools-for-stm32.7-2018-q2-update.win32_1.4.0.202007081208/tools/bin/../lib/gcc/arm-none-eabi/7.3.1/../../../../arm-none-eabi/lib/thumb/v7e-m/fpv4-sp/hard\libnosys.a
END GROUP
LOAD c:/st/stm32cubeide_1.3.0/stm32cubeide/plugins/com.st.stm32cube.ide.mcu.externaltools.gnu-tools-for-stm32.7-2018-q2-update.win32_1.4.0.202007081208/tools/bin/../lib/gcc/arm-none-eabi/7.3.1/thumb/v7e-m/fpv4-sp/hard/crtend.o
LOAD c:/st/stm32cubeide_1.3.0/stm32cubeide/plugins/com.st.stm32cube.ide.mcu.externaltools.gnu-tools-for-stm32.7-2018-q2-update.win32_1.4.0.202007081208/tools/bin/../lib/gcc/arm-none-eabi/7.3.1/thumb/v7e-m/fpv4-sp/hard/crtn.o
                0x0000000020018000                _estack = (ORIGIN (RAM) + LENGTH (RAM))
                0x0000000000000200                _Min_Heap_Size = 0x200
                0x0000000000000400                _Min_Stack_Size = 0x400

.isr_vector     0x0000000008000000      0x194
                0x0000000008000000                . = ALIGN (0x4)
 *(.isr_vector)
 .isr_vector    0x0000000008000000      0x194 Core/Startup/startup_stm32f401retx.o
                0x0000000008000000                g_pfnVectors
                0x0000000008000194                . = ALIGN (0x4)

.text           0x0000000008000194     0x3990
                0x0000000008000194                . = ALIGN (0x4)
 *(.text)
 .text          0x0000000008000194       0x40 c:/st/stm32cubeide_1.3.0/stm32cubeide/plugins/com.st.stm32cube.ide.mcu.externaltools.gnu-tools-for-stm32.7-2018-q2-update.win32_1.4.0.202007081208/tools/bin/../lib/gcc/arm-none-eabi/7.3.1/thumb/v7e-m/fpv4-sp/hard/crtbegin.o
 .text          0x00000000080001d4       0x10 c:/st/stm32cubeide_1.3.0/stm32cubeide/plugins/com.st.stm32cube.ide.mcu.externaltools.gnu-tools-for-stm32.7-2018-q2-update.win32_1.4.0.202007081208/tools/bin/../lib/gcc/arm-none-eabi/7.3.1/../../../../arm-none-eabi/lib/thumb/v7e-m/fpv4-sp/hard\libc_nano.a(lib_a-strlen.o)
                0x00000000080001d4                strlen
 .text          0x00000000080001e4       0x30 c:/st/stm32cubeide_1.3.0/stm32cubeide/plugins/com.st.stm32cube.ide.mcu.externaltools.gnu-tools-for-stm32.7-2018-q2-update.win32_1.4.0.202007081208/tools/bin/../lib/gcc/arm-none-eabi/7.3.1/thumb/v7e-m/fpv4-sp/hard\libgcc.a(_aeabi_uldivmod.o)
                0x00000000080001e4                __aeabi_uldivmod
 .text          0x0000000008000214      0x2cc c:/st/stm32cubeide_1.3.0/stm32cubeide/plugins/com.st.stm32cube.ide.mcu.externaltools.gnu-tools-for-stm32.7-2018-q2-update.win32_1.4.0.202007081208/tools/bin/../lib/gcc/arm-none-eabi/7.3.1/thumb/v7e-m/fpv4-sp/hard\libgcc.a(_udivmoddi4.o)
                0x0000000008000214                __udivmoddi4
 .text          0x00000000080004e0        0x4 c:/st/stm32cubeide_1.3.0/stm32cubeide/plugins/com.st.stm32cube.ide.mcu.externaltools.gnu-tools-for-stm32.7-2018-q2-update.win32_1.4.0.202007081208/tools/bin/../lib/gcc/arm-none-eabi/7.3.1/thumb/v7e-m/fpv4-sp/hard\libgcc.a(_dvmd_tls.o)
                0x00000000080004e0                __aeabi_idiv0
                0x00000000080004e0                __aeabi_ldiv0
 *(.text*)
 .text.HCI_TL_SPI_Init
                0x00000000080004e4       0x90 BlueNRG-MS/Target/hci_tl_interface.o
                0x00000000080004e4                HCI_TL_SPI_Init
 .text.HCI_TL_SPI_DeInit
                0x0000000008000574       0x28 BlueNRG-MS/Target/hci_tl_interface.o
                0x0000000008000574                HCI_TL_SPI_DeInit
 .text.HCI_TL_SPI_Reset
                0x000000000800059c       0x3c BlueNRG-MS/Target/hci_tl_interface.o
                0x000000000800059c                HCI_TL_SPI_Reset
 .text.HCI_TL_SPI_Receive
                0x00000000080005d8       0xb4 BlueNRG-MS/Target/hci_tl_interface.o
                0x00000000080005d8                HCI_TL_SPI_Receive
 .text.HCI_TL_SPI_Send
                0x000000000800068c       0xa8 BlueNRG-MS/Target/hci_tl_interface.o
                0x000000000800068c                HCI_TL_SPI_Send
 .text.IsDataAvailable
                0x0000000008000734       0x20 BlueNRG-MS/Target/hci_tl_interface.o
 .text.hci_tl_lowlevel_init
                0x0000000008000754       0x74 BlueNRG-MS/Target/hci_tl_interface.o
                0x0000000008000754                hci_tl_lowlevel_init
 .text.hci_tl_lowlevel_isr
                0x00000000080007c8       0x22 BlueNRG-MS/Target/hci_tl_interface.o
                0x00000000080007c8                hci_tl_lowlevel_isr
 *fill*         0x00000000080007ea        0x2 
 .text.MX_BlueNRG_MS_Init
                0x00000000080007ec       0x98 BlueNRG_User/src/ble_app.o
                0x00000000080007ec                MX_BlueNRG_MS_Init
 .text.MX_BlueNRG_MS_Process
                0x0000000008000884       0x54 BlueNRG_User/src/ble_app.o
                0x0000000008000884                MX_BlueNRG_MS_Process
 .text.MX_GPIO_Init
                0x00000000080008d8      0x108 Core/Src/gpio.o
                0x00000000080008d8                MX_GPIO_Init
 .text.main     0x00000000080009e0       0x1e Core/Src/main.o
                0x00000000080009e0                main
 *fill*         0x00000000080009fe        0x2 
 .text.SystemClock_Config
                0x0000000008000a00       0xd8 Core/Src/main.o
                0x0000000008000a00                SystemClock_Config
 .text.Error_Handler
                0x0000000008000ad8        0xe Core/Src/main.o
                0x0000000008000ad8                Error_Handler
 *fill*         0x0000000008000ae6        0x2 
 .text.HAL_MspInit
                0x0000000008000ae8       0x50 Core/Src/stm32f4xx_hal_msp.o
                0x0000000008000ae8                HAL_MspInit
 .text.NMI_Handler
                0x0000000008000b38        0xe Core/Src/stm32f4xx_it.o
                0x0000000008000b38                NMI_Handler
 .text.HardFault_Handler
                0x0000000008000b46        0x6 Core/Src/stm32f4xx_it.o
                0x0000000008000b46                HardFault_Handler
 .text.MemManage_Handler
                0x0000000008000b4c        0x6 Core/Src/stm32f4xx_it.o
                0x0000000008000b4c                MemManage_Handler
 .text.BusFault_Handler
                0x0000000008000b52        0x6 Core/Src/stm32f4xx_it.o
                0x0000000008000b52                BusFault_Handler
 .text.UsageFault_Handler
                0x0000000008000b58        0x6 Core/Src/stm32f4xx_it.o
                0x0000000008000b58                UsageFault_Handler
 .text.SVC_Handler
                0x0000000008000b5e        0xe Core/Src/stm32f4xx_it.o
                0x0000000008000b5e                SVC_Handler
 .text.DebugMon_Handler
                0x0000000008000b6c        0xe Core/Src/stm32f4xx_it.o
                0x0000000008000b6c                DebugMon_Handler
 .text.PendSV_Handler
                0x0000000008000b7a        0xe Core/Src/stm32f4xx_it.o
                0x0000000008000b7a                PendSV_Handler
 .text.SysTick_Handler
                0x0000000008000b88        0xc Core/Src/stm32f4xx_it.o
                0x0000000008000b88                SysTick_Handler
 .text.EXTI0_IRQHandler
                0x0000000008000b94       0x14 Core/Src/stm32f4xx_it.o
                0x0000000008000b94                EXTI0_IRQHandler
 .text.BSP_SPI1_Init
                0x0000000008000ba8       0x60 Core/Src/stm32f4xx_nucleo_bus.o
                0x0000000008000ba8                BSP_SPI1_Init
 .text.BSP_SPI1_SendRecv
                0x0000000008000c08       0x40 Core/Src/stm32f4xx_nucleo_bus.o
                0x0000000008000c08                BSP_SPI1_SendRecv
 .text.BSP_GetTick
                0x0000000008000c48        0xe Core/Src/stm32f4xx_nucleo_bus.o
                0x0000000008000c48                BSP_GetTick
 *fill*         0x0000000008000c56        0x2 
 .text.MX_SPI1_Init
                0x0000000008000c58       0x78 Core/Src/stm32f4xx_nucleo_bus.o
                0x0000000008000c58                MX_SPI1_Init
 .text.SPI1_MspInit
                0x0000000008000cd0       0xd0 Core/Src/stm32f4xx_nucleo_bus.o
 .text.SystemInit
                0x0000000008000da0       0x2c Core/Src/system_stm32f4xx.o
                0x0000000008000da0                SystemInit
 .text.MX_USART1_UART_Init
                0x0000000008000dcc       0x54 Core/Src/usart.o
                0x0000000008000dcc                MX_USART1_UART_Init
 .text.HAL_UART_MspInit
                0x0000000008000e20       0xd0 Core/Src/usart.o
                0x0000000008000e20                HAL_UART_MspInit
 .text.Reset_Handler
                0x0000000008000ef0       0x50 Core/Startup/startup_stm32f401retx.o
                0x0000000008000ef0                Reset_Handler
 .text.Default_Handler
                0x0000000008000f40        0x2 Core/Startup/startup_stm32f401retx.o
                0x0000000008000f40                RTC_Alarm_IRQHandler
                0x0000000008000f40                EXTI2_IRQHandler
                0x0000000008000f40                SPI4_IRQHandler
                0x0000000008000f40                TIM1_CC_IRQHandler
                0x0000000008000f40                DMA2_Stream5_IRQHandler
                0x0000000008000f40                DMA1_Stream5_IRQHandler
                0x0000000008000f40                PVD_IRQHandler
                0x0000000008000f40                SDIO_IRQHandler
                0x0000000008000f40                TAMP_STAMP_IRQHandler
                0x0000000008000f40                EXTI3_IRQHandler
                0x0000000008000f40                TIM1_UP_TIM10_IRQHandler
                0x0000000008000f40                I2C3_ER_IRQHandler
                0x0000000008000f40                I2C2_EV_IRQHandler
                0x0000000008000f40                DMA1_Stream2_IRQHandler
                0x0000000008000f40                FPU_IRQHandler
                0x0000000008000f40                DMA2_Stream2_IRQHandler
                0x0000000008000f40                SPI1_IRQHandler
                0x0000000008000f40                TIM1_BRK_TIM9_IRQHandler
                0x0000000008000f40                DMA2_Stream3_IRQHandler
                0x0000000008000f40                USART6_IRQHandler
                0x0000000008000f40                DMA2_Stream0_IRQHandler
                0x0000000008000f40                TIM4_IRQHandler
                0x0000000008000f40                I2C1_EV_IRQHandler
                0x0000000008000f40                DMA1_Stream6_IRQHandler
                0x0000000008000f40                DMA1_Stream1_IRQHandler
                0x0000000008000f40                TIM3_IRQHandler
                0x0000000008000f40                RCC_IRQHandler
                0x0000000008000f40                Default_Handler
                0x0000000008000f40                EXTI15_10_IRQHandler
                0x0000000008000f40                ADC_IRQHandler
                0x0000000008000f40                DMA1_Stream7_IRQHandler
                0x0000000008000f40                TIM5_IRQHandler
                0x0000000008000f40                DMA2_Stream7_IRQHandler
                0x0000000008000f40                I2C3_EV_IRQHandler
                0x0000000008000f40                EXTI9_5_IRQHandler
                0x0000000008000f40                RTC_WKUP_IRQHandler
                0x0000000008000f40                SPI2_IRQHandler
                0x0000000008000f40                DMA1_Stream0_IRQHandler
                0x0000000008000f40                EXTI4_IRQHandler
                0x0000000008000f40                WWDG_IRQHandler
                0x0000000008000f40                TIM2_IRQHandler
                0x0000000008000f40                OTG_FS_WKUP_IRQHandler
                0x0000000008000f40                TIM1_TRG_COM_TIM11_IRQHandler
                0x0000000008000f40                EXTI1_IRQHandler
                0x0000000008000f40                USART2_IRQHandler
                0x0000000008000f40                I2C2_ER_IRQHandler
                0x0000000008000f40                DMA2_Stream1_IRQHandler
                0x0000000008000f40                FLASH_IRQHandler
                0x0000000008000f40                DMA2_Stream4_IRQHandler
                0x0000000008000f40                USART1_IRQHandler
                0x0000000008000f40                OTG_FS_IRQHandler
                0x0000000008000f40                SPI3_IRQHandler
                0x0000000008000f40                DMA1_Stream4_IRQHandler
                0x0000000008000f40                I2C1_ER_IRQHandler
                0x0000000008000f40                DMA2_Stream6_IRQHandler
                0x0000000008000f40                DMA1_Stream3_IRQHandler
 *fill*         0x0000000008000f42        0x2 
 .text.HAL_Init
                0x0000000008000f44       0x44 Drivers/STM32F4xx_HAL_Driver/Src/stm32f4xx_hal.o
                0x0000000008000f44                HAL_Init
 .text.HAL_InitTick
                0x0000000008000f88       0x60 Drivers/STM32F4xx_HAL_Driver/Src/stm32f4xx_hal.o
                0x0000000008000f88                HAL_InitTick
 .text.HAL_IncTick
                0x0000000008000fe8       0x28 Drivers/STM32F4xx_HAL_Driver/Src/stm32f4xx_hal.o
                0x0000000008000fe8                HAL_IncTick
 .text.HAL_GetTick
                0x0000000008001010       0x18 Drivers/STM32F4xx_HAL_Driver/Src/stm32f4xx_hal.o
                0x0000000008001010                HAL_GetTick
 .text.HAL_Delay
                0x0000000008001028       0x44 Drivers/STM32F4xx_HAL_Driver/Src/stm32f4xx_hal.o
                0x0000000008001028                HAL_Delay
 .text.__NVIC_SetPriorityGrouping
                0x000000000800106c       0x48 Drivers/STM32F4xx_HAL_Driver/Src/stm32f4xx_hal_cortex.o
 .text.__NVIC_GetPriorityGrouping
                0x00000000080010b4       0x1c Drivers/STM32F4xx_HAL_Driver/Src/stm32f4xx_hal_cortex.o
 .text.__NVIC_EnableIRQ
                0x00000000080010d0       0x3c Drivers/STM32F4xx_HAL_Driver/Src/stm32f4xx_hal_cortex.o
 .text.__NVIC_SetPriority
                0x000000000800110c       0x54 Drivers/STM32F4xx_HAL_Driver/Src/stm32f4xx_hal_cortex.o
 .text.NVIC_EncodePriority
                0x0000000008001160       0x66 Drivers/STM32F4xx_HAL_Driver/Src/stm32f4xx_hal_cortex.o
 *fill*         0x00000000080011c6        0x2 
 .text.SysTick_Config
                0x00000000080011c8       0x44 Drivers/STM32F4xx_HAL_Driver/Src/stm32f4xx_hal_cortex.o
 .text.HAL_NVIC_SetPriorityGrouping
                0x000000000800120c       0x16 Drivers/STM32F4xx_HAL_Driver/Src/stm32f4xx_hal_cortex.o
                0x000000000800120c                HAL_NVIC_SetPriorityGrouping
 .text.HAL_NVIC_SetPriority
                0x0000000008001222       0x38 Drivers/STM32F4xx_HAL_Driver/Src/stm32f4xx_hal_cortex.o
                0x0000000008001222                HAL_NVIC_SetPriority
 .text.HAL_NVIC_EnableIRQ
                0x000000000800125a       0x1c Drivers/STM32F4xx_HAL_Driver/Src/stm32f4xx_hal_cortex.o
                0x000000000800125a                HAL_NVIC_EnableIRQ
 .text.HAL_SYSTICK_Config
                0x0000000008001276       0x18 Drivers/STM32F4xx_HAL_Driver/Src/stm32f4xx_hal_cortex.o
                0x0000000008001276                HAL_SYSTICK_Config
 .text.HAL_EXTI_RegisterCallback
                0x000000000800128e       0x34 Drivers/STM32F4xx_HAL_Driver/Src/stm32f4xx_hal_exti.o
                0x000000000800128e                HAL_EXTI_RegisterCallback
 .text.HAL_EXTI_GetHandle
                0x00000000080012c2       0x28 Drivers/STM32F4xx_HAL_Driver/Src/stm32f4xx_hal_exti.o
                0x00000000080012c2                HAL_EXTI_GetHandle
 *fill*         0x00000000080012ea        0x2 
 .text.HAL_EXTI_IRQHandler
                0x00000000080012ec       0x48 Drivers/STM32F4xx_HAL_Driver/Src/stm32f4xx_hal_exti.o
                0x00000000080012ec                HAL_EXTI_IRQHandler
 .text.HAL_GPIO_Init
                0x0000000008001334      0x304 Drivers/STM32F4xx_HAL_Driver/Src/stm32f4xx_hal_gpio.o
                0x0000000008001334                HAL_GPIO_Init
 .text.HAL_GPIO_DeInit
                0x0000000008001638      0x1c4 Drivers/STM32F4xx_HAL_Driver/Src/stm32f4xx_hal_gpio.o
                0x0000000008001638                HAL_GPIO_DeInit
 .text.HAL_GPIO_ReadPin
                0x00000000080017fc       0x30 Drivers/STM32F4xx_HAL_Driver/Src/stm32f4xx_hal_gpio.o
                0x00000000080017fc                HAL_GPIO_ReadPin
 .text.HAL_GPIO_WritePin
                0x000000000800182c       0x32 Drivers/STM32F4xx_HAL_Driver/Src/stm32f4xx_hal_gpio.o
                0x000000000800182c                HAL_GPIO_WritePin
 *fill*         0x000000000800185e        0x2 
 .text.HAL_RCC_OscConfig
                0x0000000008001860      0x4e0 Drivers/STM32F4xx_HAL_Driver/Src/stm32f4xx_hal_rcc.o
                0x0000000008001860                HAL_RCC_OscConfig
 .text.HAL_RCC_ClockConfig
                0x0000000008001d40      0x1cc Drivers/STM32F4xx_HAL_Driver/Src/stm32f4xx_hal_rcc.o
                0x0000000008001d40                HAL_RCC_ClockConfig
 .text.HAL_RCC_GetSysClockFreq
                0x0000000008001f0c      0x1b0 Drivers/STM32F4xx_HAL_Driver/Src/stm32f4xx_hal_rcc.o
                0x0000000008001f0c                HAL_RCC_GetSysClockFreq
 .text.HAL_RCC_GetHCLKFreq
                0x00000000080020bc       0x18 Drivers/STM32F4xx_HAL_Driver/Src/stm32f4xx_hal_rcc.o
                0x00000000080020bc                HAL_RCC_GetHCLKFreq
 .text.HAL_RCC_GetPCLK1Freq
                0x00000000080020d4       0x28 Drivers/STM32F4xx_HAL_Driver/Src/stm32f4xx_hal_rcc.o
                0x00000000080020d4                HAL_RCC_GetPCLK1Freq
 .text.HAL_RCC_GetPCLK2Freq
                0x00000000080020fc       0x28 Drivers/STM32F4xx_HAL_Driver/Src/stm32f4xx_hal_rcc.o
                0x00000000080020fc                HAL_RCC_GetPCLK2Freq
 .text.HAL_SPI_Init
                0x0000000008002124       0xc8 Drivers/STM32F4xx_HAL_Driver/Src/stm32f4xx_hal_spi.o
                0x0000000008002124                HAL_SPI_Init
 .text.HAL_SPI_MspInit
                0x00000000080021ec       0x14 Drivers/STM32F4xx_HAL_Driver/Src/stm32f4xx_hal_spi.o
                0x00000000080021ec                HAL_SPI_MspInit
 .text.HAL_SPI_TransmitReceive
                0x0000000008002200      0x344 Drivers/STM32F4xx_HAL_Driver/Src/stm32f4xx_hal_spi.o
                0x0000000008002200                HAL_SPI_TransmitReceive
 .text.HAL_SPI_GetState
                0x0000000008002544       0x1c Drivers/STM32F4xx_HAL_Driver/Src/stm32f4xx_hal_spi.o
                0x0000000008002544                HAL_SPI_GetState
 .text.SPI_WaitFlagStateUntilTimeout
                0x0000000008002560       0xd4 Drivers/STM32F4xx_HAL_Driver/Src/stm32f4xx_hal_spi.o
 .text.SPI_EndRxTxTransaction
                0x0000000008002634       0x84 Drivers/STM32F4xx_HAL_Driver/Src/stm32f4xx_hal_spi.o
 .text.HAL_UART_Init
                0x00000000080026b8       0x9a Drivers/STM32F4xx_HAL_Driver/Src/stm32f4xx_hal_uart.o
                0x00000000080026b8                HAL_UART_Init
 *fill*         0x0000000008002752        0x2 
 .text.UART_SetConfig
                0x0000000008002754      0x6f8 Drivers/STM32F4xx_HAL_Driver/Src/stm32f4xx_hal_uart.o
 .text.aci_gap_init_IDB05A1
                0x0000000008002e4c       0xa0 Middlewares/ST/BlueNRG-MS/hci/controller/bluenrg_gap_aci.o
                0x0000000008002e4c                aci_gap_init_IDB05A1
 .text.aci_gap_set_discoverable
                0x0000000008002eec      0x1de Middlewares/ST/BlueNRG-MS/hci/controller/bluenrg_gap_aci.o
                0x0000000008002eec                aci_gap_set_discoverable
 .text.aci_gatt_init
                0x00000000080030ca       0x46 Middlewares/ST/BlueNRG-MS/hci/controller/bluenrg_gatt_aci.o
                0x00000000080030ca                aci_gatt_init
 .text.aci_gatt_update_char_value
                0x0000000008003110      0x126 Middlewares/ST/BlueNRG-MS/hci/controller/bluenrg_gatt_aci.o
                0x0000000008003110                aci_gatt_update_char_value
 .text.aci_hal_write_config_data
                0x0000000008003236       0xd0 Middlewares/ST/BlueNRG-MS/hci/controller/bluenrg_hal_aci.o
                0x0000000008003236                aci_hal_write_config_data
 .text.hci_reset
                0x0000000008003306       0x44 Middlewares/ST/BlueNRG-MS/hci/hci_le.o
                0x0000000008003306                hci_reset
 .text.hci_le_set_scan_resp_data
                0x000000000800334a       0x82 Middlewares/ST/BlueNRG-MS/hci/hci_le.o
                0x000000000800334a                hci_le_set_scan_resp_data
 .text.verify_packet
                0x00000000080033cc       0x40 Middlewares/ST/BlueNRG-MS/hci/hci_tl_patterns/Basic/hci_tl.o
 .text.send_cmd
                0x000000000800340c       0x80 Middlewares/ST/BlueNRG-MS/hci/hci_tl_patterns/Basic/hci_tl.o
 .text.move_list
                0x000000000800348c       0x36 Middlewares/ST/BlueNRG-MS/hci/hci_tl_patterns/Basic/hci_tl.o
 *fill*         0x00000000080034c2        0x2 
 .text.free_event_list
                0x00000000080034c4       0x38 Middlewares/ST/BlueNRG-MS/hci/hci_tl_patterns/Basic/hci_tl.o
 .text.hci_init
                0x00000000080034fc       0x84 Middlewares/ST/BlueNRG-MS/hci/hci_tl_patterns/Basic/hci_tl.o
                0x00000000080034fc                hci_init
 .text.hci_register_io_bus
                0x0000000008003580       0x40 Middlewares/ST/BlueNRG-MS/hci/hci_tl_patterns/Basic/hci_tl.o
                0x0000000008003580                hci_register_io_bus
 .text.hci_send_req
                0x00000000080035c0      0x230 Middlewares/ST/BlueNRG-MS/hci/hci_tl_patterns/Basic/hci_tl.o
                0x00000000080035c0                hci_send_req
 .text.hci_notify_asynch_evt
                0x00000000080037f0       0x9c Middlewares/ST/BlueNRG-MS/hci/hci_tl_patterns/Basic/hci_tl.o
                0x00000000080037f0                hci_notify_asynch_evt
 .text.list_init_head
                0x000000000800388c       0x20 Middlewares/ST/BlueNRG-MS/utils/ble_list.o
                0x000000000800388c                list_init_head
 .text.list_is_empty
                0x00000000080038ac       0x40 Middlewares/ST/BlueNRG-MS/utils/ble_list.o
                0x00000000080038ac                list_is_empty
 .text.list_insert_head
                0x00000000080038ec       0x48 Middlewares/ST/BlueNRG-MS/utils/ble_list.o
                0x00000000080038ec                list_insert_head
 .text.list_insert_tail
                0x0000000008003934       0x48 Middlewares/ST/BlueNRG-MS/utils/ble_list.o
                0x0000000008003934                list_insert_tail
 .text.list_remove_node
                0x000000000800397c       0x3e Middlewares/ST/BlueNRG-MS/utils/ble_list.o
                0x000000000800397c                list_remove_node
 .text.list_remove_head
                0x00000000080039ba       0x4a Middlewares/ST/BlueNRG-MS/utils/ble_list.o
                0x00000000080039ba                list_remove_head
 .text.list_remove_tail
                0x0000000008003a04       0x4a Middlewares/ST/BlueNRG-MS/utils/ble_list.o
                0x0000000008003a04                list_remove_tail
 .text.list_get_size
                0x0000000008003a4e       0x4c Middlewares/ST/BlueNRG-MS/utils/ble_list.o
                0x0000000008003a4e                list_get_size
 *fill*         0x0000000008003a9a        0x2 
 .text.__libc_init_array
                0x0000000008003a9c       0x48 c:/st/stm32cubeide_1.3.0/stm32cubeide/plugins/com.st.stm32cube.ide.mcu.externaltools.gnu-tools-for-stm32.7-2018-q2-update.win32_1.4.0.202007081208/tools/bin/../lib/gcc/arm-none-eabi/7.3.1/../../../../arm-none-eabi/lib/thumb/v7e-m/fpv4-sp/hard\libc_nano.a(lib_a-init.o)
                0x0000000008003a9c                __libc_init_array
 .text.memcpy   0x0000000008003ae4       0x16 c:/st/stm32cubeide_1.3.0/stm32cubeide/plugins/com.st.stm32cube.ide.mcu.externaltools.gnu-tools-for-stm32.7-2018-q2-update.win32_1.4.0.202007081208/tools/bin/../lib/gcc/arm-none-eabi/7.3.1/../../../../arm-none-eabi/lib/thumb/v7e-m/fpv4-sp/hard\libc_nano.a(lib_a-memcpy-stub.o)
                0x0000000008003ae4                memcpy
 .text.memset   0x0000000008003afa       0x10 c:/st/stm32cubeide_1.3.0/stm32cubeide/plugins/com.st.stm32cube.ide.mcu.externaltools.gnu-tools-for-stm32.7-2018-q2-update.win32_1.4.0.202007081208/tools/bin/../lib/gcc/arm-none-eabi/7.3.1/../../../../arm-none-eabi/lib/thumb/v7e-m/fpv4-sp/hard\libc_nano.a(lib_a-memset.o)
                0x0000000008003afa                memset
 *(.glue_7)
 .glue_7        0x0000000008003b0a        0x0 linker stubs
 *(.glue_7t)
 .glue_7t       0x0000000008003b0a        0x0 linker stubs
 *(.eh_frame)
 *fill*         0x0000000008003b0a        0x2 
 .eh_frame      0x0000000008003b0c        0x0 c:/st/stm32cubeide_1.3.0/stm32cubeide/plugins/com.st.stm32cube.ide.mcu.externaltools.gnu-tools-for-stm32.7-2018-q2-update.win32_1.4.0.202007081208/tools/bin/../lib/gcc/arm-none-eabi/7.3.1/thumb/v7e-m/fpv4-sp/hard/crtbegin.o
 *(.init)
 .init          0x0000000008003b0c        0x4 c:/st/stm32cubeide_1.3.0/stm32cubeide/plugins/com.st.stm32cube.ide.mcu.externaltools.gnu-tools-for-stm32.7-2018-q2-update.win32_1.4.0.202007081208/tools/bin/../lib/gcc/arm-none-eabi/7.3.1/thumb/v7e-m/fpv4-sp/hard/crti.o
                0x0000000008003b0c                _init
 .init          0x0000000008003b10        0x8 c:/st/stm32cubeide_1.3.0/stm32cubeide/plugins/com.st.stm32cube.ide.mcu.externaltools.gnu-tools-for-stm32.7-2018-q2-update.win32_1.4.0.202007081208/tools/bin/../lib/gcc/arm-none-eabi/7.3.1/thumb/v7e-m/fpv4-sp/hard/crtn.o
 *(.fini)
 .fini          0x0000000008003b18        0x4 c:/st/stm32cubeide_1.3.0/stm32cubeide/plugins/com.st.stm32cube.ide.mcu.externaltools.gnu-tools-for-stm32.7-2018-q2-update.win32_1.4.0.202007081208/tools/bin/../lib/gcc/arm-none-eabi/7.3.1/thumb/v7e-m/fpv4-sp/hard/crti.o
                0x0000000008003b18                _fini
 .fini          0x0000000008003b1c        0x8 c:/st/stm32cubeide_1.3.0/stm32cubeide/plugins/com.st.stm32cube.ide.mcu.externaltools.gnu-tools-for-stm32.7-2018-q2-update.win32_1.4.0.202007081208/tools/bin/../lib/gcc/arm-none-eabi/7.3.1/thumb/v7e-m/fpv4-sp/hard/crtn.o
                0x0000000008003b24                . = ALIGN (0x4)
                0x0000000008003b24                _etext = .

.vfp11_veneer   0x0000000008003b24        0x0
 .vfp11_veneer  0x0000000008003b24        0x0 linker stubs

.v4_bx          0x0000000008003b24        0x0
 .v4_bx         0x0000000008003b24        0x0 linker stubs

.iplt           0x0000000008003b24        0x0
 .iplt          0x0000000008003b24        0x0 c:/st/stm32cubeide_1.3.0/stm32cubeide/plugins/com.st.stm32cube.ide.mcu.externaltools.gnu-tools-for-stm32.7-2018-q2-update.win32_1.4.0.202007081208/tools/bin/../lib/gcc/arm-none-eabi/7.3.1/thumb/v7e-m/fpv4-sp/hard/crtbegin.o

.rodata         0x0000000008003b24       0x30
                0x0000000008003b24                . = ALIGN (0x4)
 *(.rodata)
 .rodata        0x0000000008003b24       0x18 BlueNRG_User/src/ble_app.o
 *(.rodata*)
 .rodata.AHBPrescTable
                0x0000000008003b3c       0x10 Core/Src/system_stm32f4xx.o
                0x0000000008003b3c                AHBPrescTable
 .rodata.APBPrescTable
                0x0000000008003b4c        0x8 Core/Src/system_stm32f4xx.o
                0x0000000008003b4c                APBPrescTable
                0x0000000008003b54                . = ALIGN (0x4)

.ARM.extab      0x0000000008003b54        0x0
                0x0000000008003b54                . = ALIGN (0x4)
 *(.ARM.extab* .gnu.linkonce.armextab.*)
                0x0000000008003b54                . = ALIGN (0x4)

.ARM            0x0000000008003b54        0x8
                0x0000000008003b54                . = ALIGN (0x4)
                0x0000000008003b54                __exidx_start = .
 *(.ARM.exidx*)
 .ARM.exidx     0x0000000008003b54        0x8 c:/st/stm32cubeide_1.3.0/stm32cubeide/plugins/com.st.stm32cube.ide.mcu.externaltools.gnu-tools-for-stm32.7-2018-q2-update.win32_1.4.0.202007081208/tools/bin/../lib/gcc/arm-none-eabi/7.3.1/thumb/v7e-m/fpv4-sp/hard\libgcc.a(_udivmoddi4.o)
                0x0000000008003b5c                __exidx_end = .
                0x0000000008003b5c                . = ALIGN (0x4)

.rel.dyn        0x0000000008003b5c        0x0
 .rel.iplt      0x0000000008003b5c        0x0 c:/st/stm32cubeide_1.3.0/stm32cubeide/plugins/com.st.stm32cube.ide.mcu.externaltools.gnu-tools-for-stm32.7-2018-q2-update.win32_1.4.0.202007081208/tools/bin/../lib/gcc/arm-none-eabi/7.3.1/thumb/v7e-m/fpv4-sp/hard/crtbegin.o

.preinit_array  0x0000000008003b5c        0x0
                0x0000000008003b5c                . = ALIGN (0x4)
                0x0000000008003b5c                PROVIDE (__preinit_array_start = .)
 *(.preinit_array*)
                0x0000000008003b5c                PROVIDE (__preinit_array_end = .)
                0x0000000008003b5c                . = ALIGN (0x4)

.init_array     0x0000000008003b5c        0x4
                0x0000000008003b5c                . = ALIGN (0x4)
                0x0000000008003b5c                PROVIDE (__init_array_start = .)
 *(SORT_BY_NAME(.init_array.*))
 *(.init_array*)
 .init_array    0x0000000008003b5c        0x4 c:/st/stm32cubeide_1.3.0/stm32cubeide/plugins/com.st.stm32cube.ide.mcu.externaltools.gnu-tools-for-stm32.7-2018-q2-update.win32_1.4.0.202007081208/tools/bin/../lib/gcc/arm-none-eabi/7.3.1/thumb/v7e-m/fpv4-sp/hard/crtbegin.o
                0x0000000008003b60                PROVIDE (__init_array_end = .)
                0x0000000008003b60                . = ALIGN (0x4)

.fini_array     0x0000000008003b60        0x4
                0x0000000008003b60                . = ALIGN (0x4)
                [!provide]                        PROVIDE (__fini_array_start = .)
 *(SORT_BY_NAME(.fini_array.*))
 *(.fini_array*)
 .fini_array    0x0000000008003b60        0x4 c:/st/stm32cubeide_1.3.0/stm32cubeide/plugins/com.st.stm32cube.ide.mcu.externaltools.gnu-tools-for-stm32.7-2018-q2-update.win32_1.4.0.202007081208/tools/bin/../lib/gcc/arm-none-eabi/7.3.1/thumb/v7e-m/fpv4-sp/hard/crtbegin.o
                [!provide]                        PROVIDE (__fini_array_end = .)
                0x0000000008003b64                . = ALIGN (0x4)
                0x0000000008003b64                _sidata = LOADADDR (.data)

.data           0x0000000020000000        0xc load address 0x0000000008003b64
                0x0000000020000000                . = ALIGN (0x4)
                0x0000000020000000                _sdata = .
 *(.data)
 *(.data*)
 .data.SystemCoreClock
                0x0000000020000000        0x4 Core/Src/system_stm32f4xx.o
                0x0000000020000000                SystemCoreClock
 .data.uwTickPrio
                0x0000000020000004        0x4 Drivers/STM32F4xx_HAL_Driver/Src/stm32f4xx_hal.o
                0x0000000020000004                uwTickPrio
 .data.uwTickFreq
                0x0000000020000008        0x1 Drivers/STM32F4xx_HAL_Driver/Src/stm32f4xx_hal.o
                0x0000000020000008                uwTickFreq
                0x000000002000000c                . = ALIGN (0x4)
 *fill*         0x0000000020000009        0x3 
                0x000000002000000c                _edata = .

.igot.plt       0x000000002000000c        0x0 load address 0x0000000008003b70
 .igot.plt      0x000000002000000c        0x0 c:/st/stm32cubeide_1.3.0/stm32cubeide/plugins/com.st.stm32cube.ide.mcu.externaltools.gnu-tools-for-stm32.7-2018-q2-update.win32_1.4.0.202007081208/tools/bin/../lib/gcc/arm-none-eabi/7.3.1/thumb/v7e-m/fpv4-sp/hard/crtbegin.o
                0x000000002000000c                . = ALIGN (0x4)

.bss            0x000000002000000c      0x4b0 load address 0x0000000008003b70
                0x000000002000000c                _sbss = .
                0x000000002000000c                __bss_start__ = _sbss
 *(.bss)
 .bss           0x000000002000000c       0x1c c:/st/stm32cubeide_1.3.0/stm32cubeide/plugins/com.st.stm32cube.ide.mcu.externaltools.gnu-tools-for-stm32.7-2018-q2-update.win32_1.4.0.202007081208/tools/bin/../lib/gcc/arm-none-eabi/7.3.1/thumb/v7e-m/fpv4-sp/hard/crtbegin.o
 *(.bss*)
 .bss.read_char_buf.8006
                0x0000000020000028       0xff BlueNRG-MS/Target/hci_tl_interface.o
 *fill*         0x0000000020000127        0x1 
 .bss.SPI1InitCounter
                0x0000000020000128        0x4 Core/Src/stm32f4xx_nucleo_bus.o
 .bss.hciReadPacketBuffer
                0x000000002000012c      0x2bc Middlewares/ST/BlueNRG-MS/hci/hci_tl_patterns/Basic/hci_tl.o
 .bss.hciContext
                0x00000000200003e8       0x20 Middlewares/ST/BlueNRG-MS/hci/hci_tl_patterns/Basic/hci_tl.o
 *(COMMON)
 COMMON         0x0000000020000408        0x8 BlueNRG-MS/Target/hci_tl_interface.o
                0x0000000020000408                hexti0
 COMMON         0x0000000020000410       0x58 Core/Src/stm32f4xx_nucleo_bus.o
                0x0000000020000410                hspi1
 COMMON         0x0000000020000468       0x40 Core/Src/usart.o
                0x0000000020000468                huart1
 COMMON         0x00000000200004a8        0x4 Drivers/STM32F4xx_HAL_Driver/Src/stm32f4xx_hal.o
                0x00000000200004a8                uwTick
 COMMON         0x00000000200004ac       0x10 Middlewares/ST/BlueNRG-MS/hci/hci_tl_patterns/Basic/hci_tl.o
                0x00000000200004ac                hciReadPktPool
                0x00000000200004b4                hciReadPktRxQueue
                0x00000000200004bc                . = ALIGN (0x4)
                0x00000000200004bc                _ebss = .
                0x00000000200004bc                __bss_end__ = _ebss

._user_heap_stack
                0x00000000200004bc      0x604 load address 0x0000000008003b70
                0x00000000200004c0                . = ALIGN (0x8)
 *fill*         0x00000000200004bc        0x4 
                [!provide]                        PROVIDE (end = .)
                0x00000000200004c0                PROVIDE (_end = .)
                0x00000000200006c0                . = (. + _Min_Heap_Size)
 *fill*         0x00000000200004c0      0x200 
                0x0000000020000ac0                . = (. + _Min_Stack_Size)
 *fill*         0x00000000200006c0      0x400 
                0x0000000020000ac0                . = ALIGN (0x8)

/DISCARD/
 libc.a(*)
 libm.a(*)
 libgcc.a(*)

.ARM.attributes
                0x0000000000000000       0x30
 *(.ARM.attributes)
 .ARM.attributes
                0x0000000000000000       0x22 c:/st/stm32cubeide_1.3.0/stm32cubeide/plugins/com.st.stm32cube.ide.mcu.externaltools.gnu-tools-for-stm32.7-2018-q2-update.win32_1.4.0.202007081208/tools/bin/../lib/gcc/arm-none-eabi/7.3.1/thumb/v7e-m/fpv4-sp/hard/crti.o
 .ARM.attributes
                0x0000000000000022       0x34 c:/st/stm32cubeide_1.3.0/stm32cubeide/plugins/com.st.stm32cube.ide.mcu.externaltools.gnu-tools-for-stm32.7-2018-q2-update.win32_1.4.0.202007081208/tools/bin/../lib/gcc/arm-none-eabi/7.3.1/thumb/v7e-m/fpv4-sp/hard/crtbegin.o
 .ARM.attributes
                0x0000000000000056       0x39 BlueNRG-MS/Target/hci_tl_interface.o
 .ARM.attributes
                0x000000000000008f       0x39 BlueNRG_User/src/ble_app.o
 .ARM.attributes
                0x00000000000000c8       0x39 Core/Src/gpio.o
 .ARM.attributes
                0x0000000000000101       0x39 Core/Src/main.o
 .ARM.attributes
                0x000000000000013a       0x39 Core/Src/stm32f4xx_hal_msp.o
 .ARM.attributes
                0x0000000000000173       0x39 Core/Src/stm32f4xx_it.o
 .ARM.attributes
                0x00000000000001ac       0x39 Core/Src/stm32f4xx_nucleo_bus.o
 .ARM.attributes
                0x00000000000001e5       0x39 Core/Src/system_stm32f4xx.o
 .ARM.attributes
                0x000000000000021e       0x39 Core/Src/usart.o
 .ARM.attributes
                0x0000000000000257       0x21 Core/Startup/startup_stm32f401retx.o
 .ARM.attributes
                0x0000000000000278       0x39 Drivers/STM32F4xx_HAL_Driver/Src/stm32f4xx_hal.o
 .ARM.attributes
                0x00000000000002b1       0x39 Drivers/STM32F4xx_HAL_Driver/Src/stm32f4xx_hal_cortex.o
 .ARM.attributes
                0x00000000000002ea       0x39 Drivers/STM32F4xx_HAL_Driver/Src/stm32f4xx_hal_exti.o
 .ARM.attributes
                0x0000000000000323       0x39 Drivers/STM32F4xx_HAL_Driver/Src/stm32f4xx_hal_gpio.o
 .ARM.attributes
                0x000000000000035c       0x39 Drivers/STM32F4xx_HAL_Driver/Src/stm32f4xx_hal_rcc.o
 .ARM.attributes
                0x0000000000000395       0x39 Drivers/STM32F4xx_HAL_Driver/Src/stm32f4xx_hal_spi.o
 .ARM.attributes
                0x00000000000003ce       0x39 Drivers/STM32F4xx_HAL_Driver/Src/stm32f4xx_hal_uart.o
 .ARM.attributes
                0x0000000000000407       0x39 Middlewares/ST/BlueNRG-MS/hci/controller/bluenrg_gap_aci.o
 .ARM.attributes
                0x0000000000000440       0x39 Middlewares/ST/BlueNRG-MS/hci/controller/bluenrg_gatt_aci.o
 .ARM.attributes
                0x0000000000000479       0x39 Middlewares/ST/BlueNRG-MS/hci/controller/bluenrg_hal_aci.o
 .ARM.attributes
                0x00000000000004b2       0x39 Middlewares/ST/BlueNRG-MS/hci/hci_le.o
 .ARM.attributes
                0x00000000000004eb       0x39 Middlewares/ST/BlueNRG-MS/hci/hci_tl_patterns/Basic/hci_tl.o
 .ARM.attributes
                0x0000000000000524       0x39 Middlewares/ST/BlueNRG-MS/utils/ble_list.o
 .ARM.attributes
                0x000000000000055d       0x34 c:/st/stm32cubeide_1.3.0/stm32cubeide/plugins/com.st.stm32cube.ide.mcu.externaltools.gnu-tools-for-stm32.7-2018-q2-update.win32_1.4.0.202007081208/tools/bin/../lib/gcc/arm-none-eabi/7.3.1/../../../../arm-none-eabi/lib/thumb/v7e-m/fpv4-sp/hard\libc_nano.a(lib_a-init.o)
 .ARM.attributes
                0x0000000000000591       0x34 c:/st/stm32cubeide_1.3.0/stm32cubeide/plugins/com.st.stm32cube.ide.mcu.externaltools.gnu-tools-for-stm32.7-2018-q2-update.win32_1.4.0.202007081208/tools/bin/../lib/gcc/arm-none-eabi/7.3.1/../../../../arm-none-eabi/lib/thumb/v7e-m/fpv4-sp/hard\libc_nano.a(lib_a-memcpy-stub.o)
 .ARM.attributes
                0x00000000000005c5       0x34 c:/st/stm32cubeide_1.3.0/stm32cubeide/plugins/com.st.stm32cube.ide.mcu.externaltools.gnu-tools-for-stm32.7-2018-q2-update.win32_1.4.0.202007081208/tools/bin/../lib/gcc/arm-none-eabi/7.3.1/../../../../arm-none-eabi/lib/thumb/v7e-m/fpv4-sp/hard\libc_nano.a(lib_a-memset.o)
 .ARM.attributes
                0x00000000000005f9       0x1b c:/st/stm32cubeide_1.3.0/stm32cubeide/plugins/com.st.stm32cube.ide.mcu.externaltools.gnu-tools-for-stm32.7-2018-q2-update.win32_1.4.0.202007081208/tools/bin/../lib/gcc/arm-none-eabi/7.3.1/../../../../arm-none-eabi/lib/thumb/v7e-m/fpv4-sp/hard\libc_nano.a(lib_a-strlen.o)
 .ARM.attributes
                0x0000000000000614       0x22 c:/st/stm32cubeide_1.3.0/stm32cubeide/plugins/com.st.stm32cube.ide.mcu.externaltools.gnu-tools-for-stm32.7-2018-q2-update.win32_1.4.0.202007081208/tools/bin/../lib/gcc/arm-none-eabi/7.3.1/thumb/v7e-m/fpv4-sp/hard\libgcc.a(_aeabi_uldivmod.o)
 .ARM.attributes
                0x0000000000000636       0x34 c:/st/stm32cubeide_1.3.0/stm32cubeide/plugins/com.st.stm32cube.ide.mcu.externaltools.gnu-tools-for-stm32.7-2018-q2-update.win32_1.4.0.202007081208/tools/bin/../lib/gcc/arm-none-eabi/7.3.1/thumb/v7e-m/fpv4-sp/hard\libgcc.a(_udivmoddi4.o)
 .ARM.attributes
                0x000000000000066a       0x22 c:/st/stm32cubeide_1.3.0/stm32cubeide/plugins/com.st.stm32cube.ide.mcu.externaltools.gnu-tools-for-stm32.7-2018-q2-update.win32_1.4.0.202007081208/tools/bin/../lib/gcc/arm-none-eabi/7.3.1/thumb/v7e-m/fpv4-sp/hard\libgcc.a(_dvmd_tls.o)
 .ARM.attributes
                0x000000000000068c       0x22 c:/st/stm32cubeide_1.3.0/stm32cubeide/plugins/com.st.stm32cube.ide.mcu.externaltools.gnu-tools-for-stm32.7-2018-q2-update.win32_1.4.0.202007081208/tools/bin/../lib/gcc/arm-none-eabi/7.3.1/thumb/v7e-m/fpv4-sp/hard/crtn.o
OUTPUT(Proj_Bluetooth.elf elf32-littlearm)

.debug_info     0x0000000000000000    0x17afd
 .debug_info    0x0000000000000000     0x15c4 BlueNRG-MS/Target/hci_tl_interface.o
 .debug_info    0x00000000000015c4      0xf4f BlueNRG_User/src/ble_app.o
 .debug_info    0x0000000000002513      0xb77 Core/Src/gpio.o
 .debug_info    0x000000000000308a      0xc41 Core/Src/main.o
 .debug_info    0x0000000000003ccb      0x899 Core/Src/stm32f4xx_hal_msp.o
 .debug_info    0x0000000000004564      0x728 Core/Src/stm32f4xx_it.o
 .debug_info    0x0000000000004c8c      0xb7d Core/Src/stm32f4xx_nucleo_bus.o
 .debug_info    0x0000000000005809      0x57e Core/Src/system_stm32f4xx.o
 .debug_info    0x0000000000005d87      0xc29 Core/Src/usart.o
 .debug_info    0x00000000000069b0       0x22 Core/Startup/startup_stm32f401retx.o
 .debug_info    0x00000000000069d2      0x8ce Drivers/STM32F4xx_HAL_Driver/Src/stm32f4xx_hal.o
 .debug_info    0x00000000000072a0      0xd92 Drivers/STM32F4xx_HAL_Driver/Src/stm32f4xx_hal_cortex.o
 .debug_info    0x0000000000008032      0x5e1 Drivers/STM32F4xx_HAL_Driver/Src/stm32f4xx_hal_exti.o
 .debug_info    0x0000000000008613      0x7d7 Drivers/STM32F4xx_HAL_Driver/Src/stm32f4xx_hal_gpio.o
 .debug_info    0x0000000000008dea      0x929 Drivers/STM32F4xx_HAL_Driver/Src/stm32f4xx_hal_rcc.o
 .debug_info    0x0000000000009713     0x1632 Drivers/STM32F4xx_HAL_Driver/Src/stm32f4xx_hal_spi.o
 .debug_info    0x000000000000ad45     0x1244 Drivers/STM32F4xx_HAL_Driver/Src/stm32f4xx_hal_uart.o
 .debug_info    0x000000000000bf89     0x2ed7 Middlewares/ST/BlueNRG-MS/hci/controller/bluenrg_gap_aci.o
 .debug_info    0x000000000000ee60     0x304e Middlewares/ST/BlueNRG-MS/hci/controller/bluenrg_gatt_aci.o
 .debug_info    0x0000000000011eae     0x1413 Middlewares/ST/BlueNRG-MS/hci/controller/bluenrg_hal_aci.o
 .debug_info    0x00000000000132c1     0x22bc Middlewares/ST/BlueNRG-MS/hci/hci_le.o
 .debug_info    0x000000000001557d     0x1540 Middlewares/ST/BlueNRG-MS/hci/hci_tl_patterns/Basic/hci_tl.o
 .debug_info    0x0000000000016abd     0x1040 Middlewares/ST/BlueNRG-MS/utils/ble_list.o

.debug_abbrev   0x0000000000000000     0x2ca0
 .debug_abbrev  0x0000000000000000      0x279 BlueNRG-MS/Target/hci_tl_interface.o
 .debug_abbrev  0x0000000000000279      0x1d6 BlueNRG_User/src/ble_app.o
 .debug_abbrev  0x000000000000044f      0x173 Core/Src/gpio.o
 .debug_abbrev  0x00000000000005c2      0x19e Core/Src/main.o
 .debug_abbrev  0x0000000000000760      0x16a Core/Src/stm32f4xx_hal_msp.o
 .debug_abbrev  0x00000000000008ca      0x15f Core/Src/stm32f4xx_it.o
 .debug_abbrev  0x0000000000000a29      0x227 Core/Src/stm32f4xx_nucleo_bus.o
 .debug_abbrev  0x0000000000000c50      0x12b Core/Src/system_stm32f4xx.o
 .debug_abbrev  0x0000000000000d7b      0x1a0 Core/Src/usart.o
 .debug_abbrev  0x0000000000000f1b       0x12 Core/Startup/startup_stm32f401retx.o
 .debug_abbrev  0x0000000000000f2d      0x1f2 Drivers/STM32F4xx_HAL_Driver/Src/stm32f4xx_hal.o
 .debug_abbrev  0x000000000000111f      0x2fa Drivers/STM32F4xx_HAL_Driver/Src/stm32f4xx_hal_cortex.o
 .debug_abbrev  0x0000000000001419      0x1cb Drivers/STM32F4xx_HAL_Driver/Src/stm32f4xx_hal_exti.o
 .debug_abbrev  0x00000000000015e4      0x1c9 Drivers/STM32F4xx_HAL_Driver/Src/stm32f4xx_hal_gpio.o
 .debug_abbrev  0x00000000000017ad      0x245 Drivers/STM32F4xx_HAL_Driver/Src/stm32f4xx_hal_rcc.o
 .debug_abbrev  0x00000000000019f2      0x240 Drivers/STM32F4xx_HAL_Driver/Src/stm32f4xx_hal_spi.o
 .debug_abbrev  0x0000000000001c32      0x251 Drivers/STM32F4xx_HAL_Driver/Src/stm32f4xx_hal_uart.o
 .debug_abbrev  0x0000000000001e83      0x236 Middlewares/ST/BlueNRG-MS/hci/controller/bluenrg_gap_aci.o
 .debug_abbrev  0x00000000000020b9      0x23b Middlewares/ST/BlueNRG-MS/hci/controller/bluenrg_gatt_aci.o
 .debug_abbrev  0x00000000000022f4      0x205 Middlewares/ST/BlueNRG-MS/hci/controller/bluenrg_hal_aci.o
 .debug_abbrev  0x00000000000024f9      0x245 Middlewares/ST/BlueNRG-MS/hci/hci_le.o
 .debug_abbrev  0x000000000000273e      0x2e0 Middlewares/ST/BlueNRG-MS/hci/hci_tl_patterns/Basic/hci_tl.o
 .debug_abbrev  0x0000000000002a1e      0x282 Middlewares/ST/BlueNRG-MS/utils/ble_list.o

.debug_aranges  0x0000000000000000      0xe50
 .debug_aranges
                0x0000000000000000       0x58 BlueNRG-MS/Target/hci_tl_interface.o
 .debug_aranges
                0x0000000000000058       0x28 BlueNRG_User/src/ble_app.o
 .debug_aranges
                0x0000000000000080       0x20 Core/Src/gpio.o
 .debug_aranges
                0x00000000000000a0       0x30 Core/Src/main.o
 .debug_aranges
                0x00000000000000d0       0x20 Core/Src/stm32f4xx_hal_msp.o
 .debug_aranges
                0x00000000000000f0       0x68 Core/Src/stm32f4xx_it.o
 .debug_aranges
                0x0000000000000158       0x60 Core/Src/stm32f4xx_nucleo_bus.o
 .debug_aranges
                0x00000000000001b8       0x28 Core/Src/system_stm32f4xx.o
 .debug_aranges
                0x00000000000001e0       0x30 Core/Src/usart.o
 .debug_aranges
                0x0000000000000210       0x28 Core/Startup/startup_stm32f401retx.o
 .debug_aranges
                0x0000000000000238       0xf0 Drivers/STM32F4xx_HAL_Driver/Src/stm32f4xx_hal.o
 .debug_aranges
                0x0000000000000328      0x118 Drivers/STM32F4xx_HAL_Driver/Src/stm32f4xx_hal_cortex.o
 .debug_aranges
                0x0000000000000440       0x60 Drivers/STM32F4xx_HAL_Driver/Src/stm32f4xx_hal_exti.o
 .debug_aranges
                0x00000000000004a0       0x58 Drivers/STM32F4xx_HAL_Driver/Src/stm32f4xx_hal_gpio.o
 .debug_aranges
                0x00000000000004f8       0x88 Drivers/STM32F4xx_HAL_Driver/Src/stm32f4xx_hal_rcc.o
 .debug_aranges
                0x0000000000000580      0x1d0 Drivers/STM32F4xx_HAL_Driver/Src/stm32f4xx_hal_spi.o
 .debug_aranges
                0x0000000000000750      0x1d0 Drivers/STM32F4xx_HAL_Driver/Src/stm32f4xx_hal_uart.o
 .debug_aranges
                0x0000000000000920      0x168 Middlewares/ST/BlueNRG-MS/hci/controller/bluenrg_gap_aci.o
 .debug_aranges
                0x0000000000000a88      0x178 Middlewares/ST/BlueNRG-MS/hci/controller/bluenrg_gatt_aci.o
 .debug_aranges
                0x0000000000000c00       0x68 Middlewares/ST/BlueNRG-MS/hci/controller/bluenrg_hal_aci.o
 .debug_aranges
                0x0000000000000c68      0x110 Middlewares/ST/BlueNRG-MS/hci/hci_le.o
 .debug_aranges
                0x0000000000000d78       0x60 Middlewares/ST/BlueNRG-MS/hci/hci_tl_patterns/Basic/hci_tl.o
 .debug_aranges
                0x0000000000000dd8       0x78 Middlewares/ST/BlueNRG-MS/utils/ble_list.o

.debug_ranges   0x0000000000000000      0xd00
 .debug_ranges  0x0000000000000000       0x48 BlueNRG-MS/Target/hci_tl_interface.o
 .debug_ranges  0x0000000000000048       0x18 BlueNRG_User/src/ble_app.o
 .debug_ranges  0x0000000000000060       0x10 Core/Src/gpio.o
 .debug_ranges  0x0000000000000070       0x20 Core/Src/main.o
 .debug_ranges  0x0000000000000090       0x10 Core/Src/stm32f4xx_hal_msp.o
 .debug_ranges  0x00000000000000a0       0x58 Core/Src/stm32f4xx_it.o
 .debug_ranges  0x00000000000000f8       0x50 Core/Src/stm32f4xx_nucleo_bus.o
 .debug_ranges  0x0000000000000148       0x18 Core/Src/system_stm32f4xx.o
 .debug_ranges  0x0000000000000160       0x20 Core/Src/usart.o
 .debug_ranges  0x0000000000000180       0x20 Core/Startup/startup_stm32f401retx.o
 .debug_ranges  0x00000000000001a0       0xe0 Drivers/STM32F4xx_HAL_Driver/Src/stm32f4xx_hal.o
 .debug_ranges  0x0000000000000280      0x108 Drivers/STM32F4xx_HAL_Driver/Src/stm32f4xx_hal_cortex.o
 .debug_ranges  0x0000000000000388       0x50 Drivers/STM32F4xx_HAL_Driver/Src/stm32f4xx_hal_exti.o
 .debug_ranges  0x00000000000003d8       0x48 Drivers/STM32F4xx_HAL_Driver/Src/stm32f4xx_hal_gpio.o
 .debug_ranges  0x0000000000000420       0x78 Drivers/STM32F4xx_HAL_Driver/Src/stm32f4xx_hal_rcc.o
 .debug_ranges  0x0000000000000498      0x1c0 Drivers/STM32F4xx_HAL_Driver/Src/stm32f4xx_hal_spi.o
 .debug_ranges  0x0000000000000658      0x1c0 Drivers/STM32F4xx_HAL_Driver/Src/stm32f4xx_hal_uart.o
 .debug_ranges  0x0000000000000818      0x158 Middlewares/ST/BlueNRG-MS/hci/controller/bluenrg_gap_aci.o
 .debug_ranges  0x0000000000000970      0x168 Middlewares/ST/BlueNRG-MS/hci/controller/bluenrg_gatt_aci.o
 .debug_ranges  0x0000000000000ad8       0x58 Middlewares/ST/BlueNRG-MS/hci/controller/bluenrg_hal_aci.o
 .debug_ranges  0x0000000000000b30      0x100 Middlewares/ST/BlueNRG-MS/hci/hci_le.o
 .debug_ranges  0x0000000000000c30       0x68 Middlewares/ST/BlueNRG-MS/hci/hci_tl_patterns/Basic/hci_tl.o
 .debug_ranges  0x0000000000000c98       0x68 Middlewares/ST/BlueNRG-MS/utils/ble_list.o

.debug_macro    0x0000000000000000    0x18c1c
 .debug_macro   0x0000000000000000      0x302 BlueNRG-MS/Target/hci_tl_interface.o
 .debug_macro   0x0000000000000302      0xa5a BlueNRG-MS/Target/hci_tl_interface.o
 .debug_macro   0x0000000000000d5c       0x16 BlueNRG-MS/Target/hci_tl_interface.o
 .debug_macro   0x0000000000000d72      0x294 BlueNRG-MS/Target/hci_tl_interface.o
 .debug_macro   0x0000000000001006       0x2e BlueNRG-MS/Target/hci_tl_interface.o
 .debug_macro   0x0000000000001034       0x28 BlueNRG-MS/Target/hci_tl_interface.o
 .debug_macro   0x000000000000105c       0x22 BlueNRG-MS/Target/hci_tl_interface.o
 .debug_macro   0x000000000000107e       0x8e BlueNRG-MS/Target/hci_tl_interface.o
 .debug_macro   0x000000000000110c       0x51 BlueNRG-MS/Target/hci_tl_interface.o
 .debug_macro   0x000000000000115d       0xef BlueNRG-MS/Target/hci_tl_interface.o
 .debug_macro   0x000000000000124c       0x6a BlueNRG-MS/Target/hci_tl_interface.o
 .debug_macro   0x00000000000012b6      0x1df BlueNRG-MS/Target/hci_tl_interface.o
 .debug_macro   0x0000000000001495       0x1c BlueNRG-MS/Target/hci_tl_interface.o
 .debug_macro   0x00000000000014b1       0x22 BlueNRG-MS/Target/hci_tl_interface.o
 .debug_macro   0x00000000000014d3       0xdf BlueNRG-MS/Target/hci_tl_interface.o
 .debug_macro   0x00000000000015b2     0x102d BlueNRG-MS/Target/hci_tl_interface.o
 .debug_macro   0x00000000000025df      0x11f BlueNRG-MS/Target/hci_tl_interface.o
 .debug_macro   0x00000000000026fe     0xb850 BlueNRG-MS/Target/hci_tl_interface.o
 .debug_macro   0x000000000000df4e       0x43 BlueNRG-MS/Target/hci_tl_interface.o
 .debug_macro   0x000000000000df91     0x3659 BlueNRG-MS/Target/hci_tl_interface.o
 .debug_macro   0x00000000000115ea      0x174 BlueNRG-MS/Target/hci_tl_interface.o
 .debug_macro   0x000000000001175e       0x5a BlueNRG-MS/Target/hci_tl_interface.o
 .debug_macro   0x00000000000117b8      0x416 BlueNRG-MS/Target/hci_tl_interface.o
 .debug_macro   0x0000000000011bce      0x9fe BlueNRG-MS/Target/hci_tl_interface.o
 .debug_macro   0x00000000000125cc      0x117 BlueNRG-MS/Target/hci_tl_interface.o
 .debug_macro   0x00000000000126e3       0xf8 BlueNRG-MS/Target/hci_tl_interface.o
 .debug_macro   0x00000000000127db       0x27 BlueNRG-MS/Target/hci_tl_interface.o
 .debug_macro   0x0000000000012802      0x15f BlueNRG-MS/Target/hci_tl_interface.o
 .debug_macro   0x0000000000012961      0x287 BlueNRG-MS/Target/hci_tl_interface.o
 .debug_macro   0x0000000000012be8       0x5f BlueNRG-MS/Target/hci_tl_interface.o
 .debug_macro   0x0000000000012c47      0x236 BlueNRG-MS/Target/hci_tl_interface.o
 .debug_macro   0x0000000000012e7d      0x132 BlueNRG-MS/Target/hci_tl_interface.o
 .debug_macro   0x0000000000012faf      0x264 BlueNRG-MS/Target/hci_tl_interface.o
 .debug_macro   0x0000000000013213       0x2e BlueNRG-MS/Target/hci_tl_interface.o
 .debug_macro   0x0000000000013241      0x11a BlueNRG-MS/Target/hci_tl_interface.o
 .debug_macro   0x000000000001335b       0x85 BlueNRG-MS/Target/hci_tl_interface.o
 .debug_macro   0x00000000000133e0       0x89 BlueNRG-MS/Target/hci_tl_interface.o
 .debug_macro   0x0000000000013469      0x225 BlueNRG-MS/Target/hci_tl_interface.o
 .debug_macro   0x000000000001368e      0x287 BlueNRG-MS/Target/hci_tl_interface.o
 .debug_macro   0x0000000000013915      0x126 BlueNRG-MS/Target/hci_tl_interface.o
 .debug_macro   0x0000000000013a3b       0x28 BlueNRG-MS/Target/hci_tl_interface.o
 .debug_macro   0x0000000000013a63       0x82 BlueNRG-MS/Target/hci_tl_interface.o
 .debug_macro   0x0000000000013ae5       0x6a BlueNRG-MS/Target/hci_tl_interface.o
 .debug_macro   0x0000000000013b4f       0x40 BlueNRG-MS/Target/hci_tl_interface.o
 .debug_macro   0x0000000000013b8f       0x52 BlueNRG-MS/Target/hci_tl_interface.o
 .debug_macro   0x0000000000013be1       0x46 BlueNRG-MS/Target/hci_tl_interface.o
 .debug_macro   0x0000000000013c27       0x18 BlueNRG-MS/Target/hci_tl_interface.o
 .debug_macro   0x0000000000013c3f       0x3c BlueNRG-MS/Target/hci_tl_interface.o
 .debug_macro   0x0000000000013c7b       0x34 BlueNRG-MS/Target/hci_tl_interface.o
 .debug_macro   0x0000000000013caf       0x52 BlueNRG-MS/Target/hci_tl_interface.o
 .debug_macro   0x0000000000013d01       0x1f BlueNRG-MS/Target/hci_tl_interface.o
 .debug_macro   0x0000000000013d20       0x43 BlueNRG-MS/Target/hci_tl_interface.o
 .debug_macro   0x0000000000013d63       0x20 BlueNRG-MS/Target/hci_tl_interface.o
 .debug_macro   0x0000000000013d83      0x1a3 BlueNRG-MS/Target/hci_tl_interface.o
 .debug_macro   0x0000000000013f26      0x32a BlueNRG-MS/Target/hci_tl_interface.o
 .debug_macro   0x0000000000014250       0x10 BlueNRG-MS/Target/hci_tl_interface.o
 .debug_macro   0x0000000000014260       0x35 BlueNRG-MS/Target/hci_tl_interface.o
 .debug_macro   0x0000000000014295       0x20 BlueNRG-MS/Target/hci_tl_interface.o
 .debug_macro   0x00000000000142b5       0x88 BlueNRG-MS/Target/hci_tl_interface.o
 .debug_macro   0x000000000001433d      0x37b BlueNRG_User/src/ble_app.o
 .debug_macro   0x00000000000146b8      0x17a BlueNRG_User/src/ble_app.o
 .debug_macro   0x0000000000014832       0x9b BlueNRG_User/src/ble_app.o
 .debug_macro   0x00000000000148cd      0x16c BlueNRG_User/src/ble_app.o
 .debug_macro   0x0000000000014a39       0x2e BlueNRG_User/src/ble_app.o
 .debug_macro   0x0000000000014a67       0x1c BlueNRG_User/src/ble_app.o
 .debug_macro   0x0000000000014a83      0x37f BlueNRG_User/src/ble_app.o
 .debug_macro   0x0000000000014e02      0x264 BlueNRG_User/src/ble_app.o
 .debug_macro   0x0000000000015066      0x1b4 BlueNRG_User/src/ble_app.o
 .debug_macro   0x000000000001521a       0x50 BlueNRG_User/src/ble_app.o
 .debug_macro   0x000000000001526a      0x174 BlueNRG_User/src/ble_app.o
 .debug_macro   0x00000000000153de       0xa5 BlueNRG_User/src/ble_app.o
 .debug_macro   0x0000000000015483      0x20d Core/Src/gpio.o
 .debug_macro   0x0000000000015690       0x10 Core/Src/gpio.o
 .debug_macro   0x00000000000156a0      0x225 Core/Src/main.o
 .debug_macro   0x00000000000158c5      0x203 Core/Src/stm32f4xx_hal_msp.o
 .debug_macro   0x0000000000015ac8      0x20d Core/Src/stm32f4xx_it.o
 .debug_macro   0x0000000000015cd5      0x1eb Core/Src/stm32f4xx_nucleo_bus.o
 .debug_macro   0x0000000000015ec0      0x1ca Core/Src/system_stm32f4xx.o
 .debug_macro   0x000000000001608a      0x20d Core/Src/usart.o
 .debug_macro   0x0000000000016297      0x224 Drivers/STM32F4xx_HAL_Driver/Src/stm32f4xx_hal.o
 .debug_macro   0x00000000000164bb      0x1c4 Drivers/STM32F4xx_HAL_Driver/Src/stm32f4xx_hal_cortex.o
 .debug_macro   0x000000000001667f      0x1c4 Drivers/STM32F4xx_HAL_Driver/Src/stm32f4xx_hal_exti.o
 .debug_macro   0x0000000000016843      0x1fa Drivers/STM32F4xx_HAL_Driver/Src/stm32f4xx_hal_gpio.o
 .debug_macro   0x0000000000016a3d      0x1e8 Drivers/STM32F4xx_HAL_Driver/Src/stm32f4xx_hal_rcc.o
 .debug_macro   0x0000000000016c25      0x1d3 Drivers/STM32F4xx_HAL_Driver/Src/stm32f4xx_hal_spi.o
 .debug_macro   0x0000000000016df8      0x1c5 Drivers/STM32F4xx_HAL_Driver/Src/stm32f4xx_hal_uart.o
 .debug_macro   0x0000000000016fbd      0x373 Middlewares/ST/BlueNRG-MS/hci/controller/bluenrg_gap_aci.o
 .debug_macro   0x0000000000017330       0x54 Middlewares/ST/BlueNRG-MS/hci/controller/bluenrg_gap_aci.o
 .debug_macro   0x0000000000017384      0x4bd Middlewares/ST/BlueNRG-MS/hci/controller/bluenrg_gap_aci.o
 .debug_macro   0x0000000000017841      0x373 Middlewares/ST/BlueNRG-MS/hci/controller/bluenrg_gatt_aci.o
 .debug_macro   0x0000000000017bb4       0xab Middlewares/ST/BlueNRG-MS/hci/controller/bluenrg_gatt_aci.o
 .debug_macro   0x0000000000017c5f      0x373 Middlewares/ST/BlueNRG-MS/hci/controller/bluenrg_hal_aci.o
 .debug_macro   0x0000000000017fd2      0x340 Middlewares/ST/BlueNRG-MS/hci/hci_le.o
 .debug_macro   0x0000000000018312      0x359 Middlewares/ST/BlueNRG-MS/hci/hci_tl_patterns/Basic/hci_tl.o
 .debug_macro   0x000000000001866b      0x32e Middlewares/ST/BlueNRG-MS/utils/ble_list.o
 .debug_macro   0x0000000000018999       0x16 Middlewares/ST/BlueNRG-MS/utils/ble_list.o
 .debug_macro   0x00000000000189af       0x97 Middlewares/ST/BlueNRG-MS/utils/ble_list.o
 .debug_macro   0x0000000000018a46       0xfd Middlewares/ST/BlueNRG-MS/utils/ble_list.o
 .debug_macro   0x0000000000018b43       0xd9 Middlewares/ST/BlueNRG-MS/utils/ble_list.o

.debug_line     0x0000000000000000     0xe2f4
 .debug_line    0x0000000000000000      0xa06 BlueNRG-MS/Target/hci_tl_interface.o
 .debug_line    0x0000000000000a06      0xa23 BlueNRG_User/src/ble_app.o
 .debug_line    0x0000000000001429      0x732 Core/Src/gpio.o
 .debug_line    0x0000000000001b5b      0x78d Core/Src/main.o
 .debug_line    0x00000000000022e8      0x724 Core/Src/stm32f4xx_hal_msp.o
 .debug_line    0x0000000000002a0c      0x7d9 Core/Src/stm32f4xx_it.o
 .debug_line    0x00000000000031e5      0x7bf Core/Src/stm32f4xx_nucleo_bus.o
 .debug_line    0x00000000000039a4      0x6c2 Core/Src/system_stm32f4xx.o
 .debug_line    0x0000000000004066      0x75f Core/Src/usart.o
 .debug_line    0x00000000000047c5       0x85 Core/Startup/startup_stm32f401retx.o
 .debug_line    0x000000000000484a      0x8ac Drivers/STM32F4xx_HAL_Driver/Src/stm32f4xx_hal.o
 .debug_line    0x00000000000050f6      0x9d0 Drivers/STM32F4xx_HAL_Driver/Src/stm32f4xx_hal_cortex.o
 .debug_line    0x0000000000005ac6      0x7a4 Drivers/STM32F4xx_HAL_Driver/Src/stm32f4xx_hal_exti.o
 .debug_line    0x000000000000626a      0x84f Drivers/STM32F4xx_HAL_Driver/Src/stm32f4xx_hal_gpio.o
 .debug_line    0x0000000000006ab9      0x904 Drivers/STM32F4xx_HAL_Driver/Src/stm32f4xx_hal_rcc.o
 .debug_line    0x00000000000073bd     0x1068 Drivers/STM32F4xx_HAL_Driver/Src/stm32f4xx_hal_spi.o
 .debug_line    0x0000000000008425      0xfba Drivers/STM32F4xx_HAL_Driver/Src/stm32f4xx_hal_uart.o
 .debug_line    0x00000000000093df     0x1004 Middlewares/ST/BlueNRG-MS/hci/controller/bluenrg_gap_aci.o
 .debug_line    0x000000000000a3e3     0x10ad Middlewares/ST/BlueNRG-MS/hci/controller/bluenrg_gatt_aci.o
 .debug_line    0x000000000000b490      0xb23 Middlewares/ST/BlueNRG-MS/hci/controller/bluenrg_hal_aci.o
 .debug_line    0x000000000000bfb3      0xd9a Middlewares/ST/BlueNRG-MS/hci/hci_le.o
 .debug_line    0x000000000000cd4d      0xaa4 Middlewares/ST/BlueNRG-MS/hci/hci_tl_patterns/Basic/hci_tl.o
 .debug_line    0x000000000000d7f1      0xb03 Middlewares/ST/BlueNRG-MS/utils/ble_list.o

.debug_str      0x0000000000000000    0x8ecac
 .debug_str     0x0000000000000000    0x83a6c BlueNRG-MS/Target/hci_tl_interface.o
                                      0x83e1b (size before relaxing)
 .debug_str     0x0000000000083a6c     0x3fec BlueNRG_User/src/ble_app.o
                                      0x87738 (size before relaxing)
 .debug_str     0x0000000000087a58       0x67 Core/Src/gpio.o
                                      0x80ab6 (size before relaxing)
 .debug_str     0x0000000000087abf      0x2d1 Core/Src/main.o
                                      0x8098c (size before relaxing)
 .debug_str     0x0000000000087d90       0x2c Core/Src/stm32f4xx_hal_msp.o
                                      0x806a8 (size before relaxing)
 .debug_str     0x0000000000087dbc       0xce Core/Src/stm32f4xx_it.o
                                      0x80635 (size before relaxing)
 .debug_str     0x0000000000087e8a       0xeb Core/Src/stm32f4xx_nucleo_bus.o
                                      0x80674 (size before relaxing)
 .debug_str     0x0000000000087f75       0xc4 Core/Src/system_stm32f4xx.o
                                      0x7fb75 (size before relaxing)
 .debug_str     0x0000000000088039       0x57 Core/Src/usart.o
                                      0x808d1 (size before relaxing)
 .debug_str     0x0000000000088090       0x36 Core/Startup/startup_stm32f401retx.o
                                         0x77 (size before relaxing)
 .debug_str     0x00000000000880c6      0x571 Drivers/STM32F4xx_HAL_Driver/Src/stm32f4xx_hal.o
                                      0x804e0 (size before relaxing)
 .debug_str     0x0000000000088637      0x399 Drivers/STM32F4xx_HAL_Driver/Src/stm32f4xx_hal_cortex.o
                                      0x802bd (size before relaxing)
 .debug_str     0x00000000000889d0      0x1ca Drivers/STM32F4xx_HAL_Driver/Src/stm32f4xx_hal_exti.o
                                      0x7fbf8 (size before relaxing)
 .debug_str     0x0000000000088b9a      0x1cc Drivers/STM32F4xx_HAL_Driver/Src/stm32f4xx_hal_gpio.o
                                      0x7fdb4 (size before relaxing)
 .debug_str     0x0000000000088d66      0x259 Drivers/STM32F4xx_HAL_Driver/Src/stm32f4xx_hal_rcc.o
                                      0x7ff62 (size before relaxing)
 .debug_str     0x0000000000088fbf      0x571 Drivers/STM32F4xx_HAL_Driver/Src/stm32f4xx_hal_spi.o
                                      0x803d1 (size before relaxing)
 .debug_str     0x0000000000089530      0x513 Drivers/STM32F4xx_HAL_Driver/Src/stm32f4xx_hal_uart.o
                                      0x803af (size before relaxing)
 .debug_str     0x0000000000089a43     0x25cc Middlewares/ST/BlueNRG-MS/hci/controller/bluenrg_gap_aci.o
                                      0x88b43 (size before relaxing)
 .debug_str     0x000000000008c00f      0xc7c Middlewares/ST/BlueNRG-MS/hci/controller/bluenrg_gatt_aci.o
                                      0x88bbb (size before relaxing)
 .debug_str     0x000000000008cc8b      0x248 Middlewares/ST/BlueNRG-MS/hci/controller/bluenrg_hal_aci.o
                                      0x88567 (size before relaxing)
 .debug_str     0x000000000008ced3      0x7ac Middlewares/ST/BlueNRG-MS/hci/hci_le.o
                                      0x86303 (size before relaxing)
 .debug_str     0x000000000008d67f      0x2e2 Middlewares/ST/BlueNRG-MS/hci/hci_tl_patterns/Basic/hci_tl.o
                                      0x853e1 (size before relaxing)
 .debug_str     0x000000000008d961     0x134b Middlewares/ST/BlueNRG-MS/utils/ble_list.o
                                      0x83c23 (size before relaxing)

.comment        0x0000000000000000       0x7b
 .comment       0x0000000000000000       0x7b BlueNRG-MS/Target/hci_tl_interface.o
                                         0x7c (size before relaxing)
 .comment       0x000000000000007b       0x7c BlueNRG_User/src/ble_app.o
 .comment       0x000000000000007b       0x7c Core/Src/gpio.o
 .comment       0x000000000000007b       0x7c Core/Src/main.o
 .comment       0x000000000000007b       0x7c Core/Src/stm32f4xx_hal_msp.o
 .comment       0x000000000000007b       0x7c Core/Src/stm32f4xx_it.o
 .comment       0x000000000000007b       0x7c Core/Src/stm32f4xx_nucleo_bus.o
 .comment       0x000000000000007b       0x7c Core/Src/system_stm32f4xx.o
 .comment       0x000000000000007b       0x7c Core/Src/usart.o
 .comment       0x000000000000007b       0x7c Drivers/STM32F4xx_HAL_Driver/Src/stm32f4xx_hal.o
 .comment       0x000000000000007b       0x7c Drivers/STM32F4xx_HAL_Driver/Src/stm32f4xx_hal_cortex.o
 .comment       0x000000000000007b       0x7c Drivers/STM32F4xx_HAL_Driver/Src/stm32f4xx_hal_exti.o
 .comment       0x000000000000007b       0x7c Drivers/STM32F4xx_HAL_Driver/Src/stm32f4xx_hal_gpio.o
 .comment       0x000000000000007b       0x7c Drivers/STM32F4xx_HAL_Driver/Src/stm32f4xx_hal_rcc.o
 .comment       0x000000000000007b       0x7c Drivers/STM32F4xx_HAL_Driver/Src/stm32f4xx_hal_spi.o
 .comment       0x000000000000007b       0x7c Drivers/STM32F4xx_HAL_Driver/Src/stm32f4xx_hal_uart.o
 .comment       0x000000000000007b       0x7c Middlewares/ST/BlueNRG-MS/hci/controller/bluenrg_gap_aci.o
 .comment       0x000000000000007b       0x7c Middlewares/ST/BlueNRG-MS/hci/controller/bluenrg_gatt_aci.o
 .comment       0x000000000000007b       0x7c Middlewares/ST/BlueNRG-MS/hci/controller/bluenrg_hal_aci.o
 .comment       0x000000000000007b       0x7c Middlewares/ST/BlueNRG-MS/hci/hci_le.o
 .comment       0x000000000000007b       0x7c Middlewares/ST/BlueNRG-MS/hci/hci_tl_patterns/Basic/hci_tl.o
 .comment       0x000000000000007b       0x7c Middlewares/ST/BlueNRG-MS/utils/ble_list.o

.debug_frame    0x0000000000000000     0x3984
 .debug_frame   0x0000000000000000      0x110 BlueNRG-MS/Target/hci_tl_interface.o
 .debug_frame   0x0000000000000110       0x60 BlueNRG_User/src/ble_app.o
 .debug_frame   0x0000000000000170       0x34 Core/Src/gpio.o
 .debug_frame   0x00000000000001a4       0x70 Core/Src/main.o
 .debug_frame   0x0000000000000214       0x34 Core/Src/stm32f4xx_hal_msp.o
 .debug_frame   0x0000000000000248      0x128 Core/Src/stm32f4xx_it.o
 .debug_frame   0x0000000000000370      0x14c Core/Src/stm32f4xx_nucleo_bus.o
 .debug_frame   0x00000000000004bc       0x58 Core/Src/system_stm32f4xx.o
 .debug_frame   0x0000000000000514       0x74 Core/Src/usart.o
 .debug_frame   0x0000000000000588      0x374 Drivers/STM32F4xx_HAL_Driver/Src/stm32f4xx_hal.o
 .debug_frame   0x00000000000008fc      0x498 Drivers/STM32F4xx_HAL_Driver/Src/stm32f4xx_hal_cortex.o
 .debug_frame   0x0000000000000d94      0x174 Drivers/STM32F4xx_HAL_Driver/Src/stm32f4xx_hal_exti.o
 .debug_frame   0x0000000000000f08      0x14c Drivers/STM32F4xx_HAL_Driver/Src/stm32f4xx_hal_gpio.o
 .debug_frame   0x0000000000001054      0x1f0 Drivers/STM32F4xx_HAL_Driver/Src/stm32f4xx_hal_rcc.o
 .debug_frame   0x0000000000001244      0x824 Drivers/STM32F4xx_HAL_Driver/Src/stm32f4xx_hal_spi.o
 .debug_frame   0x0000000000001a68      0x844 Drivers/STM32F4xx_HAL_Driver/Src/stm32f4xx_hal_uart.o
 .debug_frame   0x00000000000022ac      0x630 Middlewares/ST/BlueNRG-MS/hci/controller/bluenrg_gap_aci.o
 .debug_frame   0x00000000000028dc      0x68c Middlewares/ST/BlueNRG-MS/hci/controller/bluenrg_gatt_aci.o
 .debug_frame   0x0000000000002f68      0x180 Middlewares/ST/BlueNRG-MS/hci/controller/bluenrg_hal_aci.o
 .debug_frame   0x00000000000030e8      0x480 Middlewares/ST/BlueNRG-MS/hci/hci_le.o
 .debug_frame   0x0000000000003568      0x160 Middlewares/ST/BlueNRG-MS/hci/hci_tl_patterns/Basic/hci_tl.o
 .debug_frame   0x00000000000036c8      0x1e8 Middlewares/ST/BlueNRG-MS/utils/ble_list.o
 .debug_frame   0x00000000000038b0       0x2c c:/st/stm32cubeide_1.3.0/stm32cubeide/plugins/com.st.stm32cube.ide.mcu.externaltools.gnu-tools-for-stm32.7-2018-q2-update.win32_1.4.0.202007081208/tools/bin/../lib/gcc/arm-none-eabi/7.3.1/../../../../arm-none-eabi/lib/thumb/v7e-m/fpv4-sp/hard\libc_nano.a(lib_a-init.o)
 .debug_frame   0x00000000000038dc       0x28 c:/st/stm32cubeide_1.3.0/stm32cubeide/plugins/com.st.stm32cube.ide.mcu.externaltools.gnu-tools-for-stm32.7-2018-q2-update.win32_1.4.0.202007081208/tools/bin/../lib/gcc/arm-none-eabi/7.3.1/../../../../arm-none-eabi/lib/thumb/v7e-m/fpv4-sp/hard\libc_nano.a(lib_a-memcpy-stub.o)
 .debug_frame   0x0000000000003904       0x20 c:/st/stm32cubeide_1.3.0/stm32cubeide/plugins/com.st.stm32cube.ide.mcu.externaltools.gnu-tools-for-stm32.7-2018-q2-update.win32_1.4.0.202007081208/tools/bin/../lib/gcc/arm-none-eabi/7.3.1/../../../../arm-none-eabi/lib/thumb/v7e-m/fpv4-sp/hard\libc_nano.a(lib_a-memset.o)
 .debug_frame   0x0000000000003924       0x2c c:/st/stm32cubeide_1.3.0/stm32cubeide/plugins/com.st.stm32cube.ide.mcu.externaltools.gnu-tools-for-stm32.7-2018-q2-update.win32_1.4.0.202007081208/tools/bin/../lib/gcc/arm-none-eabi/7.3.1/thumb/v7e-m/fpv4-sp/hard\libgcc.a(_aeabi_uldivmod.o)
 .debug_frame   0x0000000000003950       0x34 c:/st/stm32cubeide_1.3.0/stm32cubeide/plugins/com.st.stm32cube.ide.mcu.externaltools.gnu-tools-for-stm32.7-2018-q2-update.win32_1.4.0.202007081208/tools/bin/../lib/gcc/arm-none-eabi/7.3.1/thumb/v7e-m/fpv4-sp/hard\libgcc.a(_udivmoddi4.o)
